
> dematic-printer-photo-suite@0.0.0 build:web
> vite build

[36mvite v6.4.1 [32mbuilding for production...[36m[39m
node.exe : 
At line:1 char:1
+ & "C:\Program Files\nodejs/node.exe" "C:\Program Files\nodejs/node_mo ...
+ ~~~~~~~~~~~~~~~~~~~~~~~~~~~~~~~~~~~~~~~~~~~~~~~~~~~~~~~~~~~~~~~~~~~~~
    + CategoryInfo          : NotSpecified: (:String) [], RemoteException
    + FullyQualifiedErrorId : NativeCommandError
 
/index.css doesn't exist at build time, it will remain unchanged to be 
resolved at runtime
transforming...
[33m[plugin vite:resolve] Module "fs" has been externalized for browser 
compatibility, imported by 
"C:/Work/Photo_App/node_modules/@ericblade/quagga2/lib/quagga.js". See https://
vite.dev/guide/troubleshooting.html#module-externalized-for-browser-compatibili
ty for more details.[39m
[33m[plugin vite:resolve] Module "http" has been externalized for browser 
compatibility, imported by 
"C:/Work/Photo_App/node_modules/@ericblade/quagga2/lib/quagga.js". See https://
vite.dev/guide/troubleshooting.html#module-externalized-for-browser-compatibili
ty for more details.[39m
[33m[plugin vite:resolve] Module "https" has been externalized for browser 
compatibility, imported by 
"C:/Work/Photo_App/node_modules/@ericblade/quagga2/lib/quagga.js". See https://
vite.dev/guide/troubleshooting.html#module-externalized-for-browser-compatibili
ty for more details.[39m
[33m[plugin vite:resolve] Module "url" has been externalized for browser 
compatibility, imported by 
"C:/Work/Photo_App/node_modules/@ericblade/quagga2/lib/quagga.js". See https://
vite.dev/guide/troubleshooting.html#module-externalized-for-browser-compatibili
ty for more details.[39m
[32m✓[39m 277 modules transformed.
rendering chunks...
computing gzip size...
[2mdist/[22m[32massets/manifest-3ngNI1nz.json  [39m[1m[2m  0.60 kB[22m[1m[22m[2m │ gzip:   0.26 kB[22m
[2mdist/[22m[32mindex.html                     [39m[1m[2m  5.57 kB[22m[1m[22m[2m │ gzip:   1.75 kB[22m
[2mdist/[22m[35massets/index-BptN-Wtb.css      [39m[1m[2m 62.48 kB[22m[1m[22m[2m │ gzip:  11.07 kB[22m
[2mdist/[22m[36massets/index-JT9bD3Rr.js       [39m[1m[33m968.34 kB[39m[22m[2m │ gzip: 271.61 kB[22m
[33m
(!) Some chunks are larger than 500 kB after minification. Consider:
- Using dynamic import() to code-split the application
- Use build.rollupOptions.output.manualChunks to improve chunking: 
https://rollupjs.org/configuration-options/#output-manualchunks
- Adjust chunk size limit for this warning via 
build.chunkSizeWarningLimit.[39m
[32m✓ built in 2.95s[39m
